Sum of specified columns:
latitude: 1466.782912079489
